../Core/Src/main.c:60:1:__io_putchar	16	static
../Core/Src/main.c:86:5:LF	16	static
../Core/Src/main.c:93:5:LB	16	static
../Core/Src/main.c:100:5:RF	16	static
../Core/Src/main.c:107:5:RB	16	static
../Core/Src/main.c:115:5:TLF	8	static
../Core/Src/main.c:116:5:TRF	8	static
../Core/Src/main.c:117:5:TLB	8	static
../Core/Src/main.c:118:5:TRB	8	static
../Core/Src/main.c:119:5:LFRB	8	static
../Core/Src/main.c:120:5:RFLB	8	static
../Core/Src/main.c:122:6:MF	8	static
../Core/Src/main.c:128:6:MB	8	static
../Core/Src/main.c:134:6:ML	8	static
../Core/Src/main.c:140:6:MR	8	static
../Core/Src/main.c:146:6:ST	8	static
../Core/Src/main.c:156:6:HAL_UART_RxCpltCallback	16	static
../Core/Src/main.c:187:6:Avoid_Obstacle_Routine	24	static
../Core/Src/main.c:253:6:timer_start	8	static
../Core/Src/main.c:254:6:delay_us	16	static
../Core/Src/main.c:258:6:trig1	8	static
../Core/Src/main.c:262:19:echo1	16	static
../Core/Src/main.c:269:6:trig2	8	static
../Core/Src/main.c:273:19:echo2	16	static
../Core/Src/main.c:287:5:main	16	static
../Core/Src/main.c:361:6:SystemClock_Config	72	static
../Core/Src/main.c:400:13:MX_TIM2_Init	32	static
../Core/Src/main.c:445:13:MX_USART2_UART_Init	8	static
../Core/Src/main.c:478:13:MX_GPIO_Init	40	static
../Core/Src/main.c:565:6:Error_Handler	4	static,ignoring_inline_asm
